<?xml version="1.0" encoding="utf-8" ?>
<result>
	<row>
		<idSite>1</idSite>
		<idVisit>5</idVisit>
		<visitIp>fe80::202:b3ff:fe1e:8329</visitIp>
		
		<actionDetails>
			<row>
				<type>action</type>
				<url>http://example.com/</url>
				<pageTitle>Viewing homepage</pageTitle>
				<pageIdAction>2</pageIdAction>
				
				<pageId>5</pageId>
				<icon />
				
			</row>
		</actionDetails>
		<goalConversions>0</goalConversions>
		<siteCurrency>USD</siteCurrency>
		<siteCurrencySymbol>$</siteCurrencySymbol>
		
		
		
		
		<userId />
		<visitorType>new</visitorType>
		<visitorTypeIcon />
		<visitConverted>0</visitConverted>
		<visitConvertedIcon />
		<visitCount>1</visitCount>
		
		<visitEcommerceStatus>none</visitEcommerceStatus>
		<visitEcommerceStatusIcon />
		<daysSinceFirstVisit>0</daysSinceFirstVisit>
		<daysSinceLastEcommerceOrder>0</daysSinceLastEcommerceOrder>
		<visitDuration>0</visitDuration>
		<visitDurationPretty>0s</visitDurationPretty>
		<searches>0</searches>
		<actions>1</actions>
		<referrerType>direct</referrerType>
		<referrerTypeName>Direct Entry</referrerTypeName>
		<referrerName />
		<referrerKeyword />
		<referrerKeywordPosition />
		<referrerUrl />
		<referrerSearchEngineUrl />
		<referrerSearchEngineIcon />
		<languageCode>fr</languageCode>
		<language>French</language>
		<deviceType>Desktop</deviceType>
		<deviceTypeIcon>plugins/DevicesDetection/images/screens/normal.gif</deviceTypeIcon>
		<deviceBrand>Unknown</deviceBrand>
		<deviceModel />
		<operatingSystem>Windows XP</operatingSystem>
		<operatingSystemName>Windows</operatingSystemName>
		<operatingSystemIcon>plugins/DevicesDetection/images/os/WIN.gif</operatingSystemIcon>
		<operatingSystemCode>WIN</operatingSystemCode>
		<operatingSystemVersion>XP</operatingSystemVersion>
		<browserFamily>Gecko</browserFamily>
		<browserFamilyDescription>Gecko (Firefox)</browserFamilyDescription>
		<browser>Firefox 3.6</browser>
		<browserName>Firefox</browserName>
		<browserIcon>plugins/DevicesDetection/images/browsers/FF.gif</browserIcon>
		<browserCode>FF</browserCode>
		<browserVersion>3.6</browserVersion>
		<events>0</events>
		<continent>Europe</continent>
		<continentCode>eur</continentCode>
		<country>France</country>
		<countryCode>fr</countryCode>
		<countryFlag>plugins/UserCountry/images/flags/fr.png</countryFlag>
		<region />
		<regionCode />
		<city />
		<location>France</location>
		<latitude />
		<longitude />
		<visitLocalTime>12:34:06</visitLocalTime>
		<visitLocalHour>12</visitLocalHour>
		<daysSinceLastVisit>0</daysSinceLastVisit>
		<customVariables>
		</customVariables>
		<resolution>1024x768</resolution>
		<plugins>flash, java</plugins>
		<pluginsIcons>
			<row>
				<pluginIcon>plugins/DevicePlugins/images/plugins/flash.gif</pluginIcon>
				<pluginName>flash</pluginName>
			</row>
			<row>
				<pluginIcon>plugins/DevicePlugins/images/plugins/java.gif</pluginIcon>
				<pluginName>java</pluginName>
			</row>
		</pluginsIcons>
		<organisation>0</organisation>
		<organisationName>Unknown</organisationName>
		
		
		
		
		
	</row>
	<row>
		<idSite>1</idSite>
		<idVisit>6</idVisit>
		<visitIp>fe80::202:b3ff:fe1e:8329</visitIp>
		
		<actionDetails>
			<row>
				<type>action</type>
				<url>http://example.com/</url>
				<pageTitle>Viewing homepage</pageTitle>
				<pageIdAction>2</pageIdAction>
				
				<pageId>6</pageId>
				<icon />
				
			</row>
		</actionDetails>
		<goalConversions>0</goalConversions>
		<siteCurrency>USD</siteCurrency>
		<siteCurrencySymbol>$</siteCurrencySymbol>
		
		
		
		
		<userId />
		<visitorType>new</visitorType>
		<visitorTypeIcon />
		<visitConverted>0</visitConverted>
		<visitConvertedIcon />
		<visitCount>1</visitCount>
		
		<visitEcommerceStatus>none</visitEcommerceStatus>
		<visitEcommerceStatusIcon />
		<daysSinceFirstVisit>0</daysSinceFirstVisit>
		<daysSinceLastEcommerceOrder>0</daysSinceLastEcommerceOrder>
		<visitDuration>0</visitDuration>
		<visitDurationPretty>0s</visitDurationPretty>
		<searches>0</searches>
		<actions>1</actions>
		<referrerType>direct</referrerType>
		<referrerTypeName>Direct Entry</referrerTypeName>
		<referrerName />
		<referrerKeyword />
		<referrerKeywordPosition />
		<referrerUrl />
		<referrerSearchEngineUrl />
		<referrerSearchEngineIcon />
		<languageCode>fr</languageCode>
		<language>French</language>
		<deviceType>Desktop</deviceType>
		<deviceTypeIcon>plugins/DevicesDetection/images/screens/normal.gif</deviceTypeIcon>
		<deviceBrand>Unknown</deviceBrand>
		<deviceModel />
		<operatingSystem>Windows XP</operatingSystem>
		<operatingSystemName>Windows</operatingSystemName>
		<operatingSystemIcon>plugins/DevicesDetection/images/os/WIN.gif</operatingSystemIcon>
		<operatingSystemCode>WIN</operatingSystemCode>
		<operatingSystemVersion>XP</operatingSystemVersion>
		<browserFamily>Gecko</browserFamily>
		<browserFamilyDescription>Gecko (Firefox)</browserFamilyDescription>
		<browser>Firefox 3.6</browser>
		<browserName>Firefox</browserName>
		<browserIcon>plugins/DevicesDetection/images/browsers/FF.gif</browserIcon>
		<browserCode>FF</browserCode>
		<browserVersion>3.6</browserVersion>
		<events>0</events>
		<continent>Europe</continent>
		<continentCode>eur</continentCode>
		<country>France</country>
		<countryCode>fr</countryCode>
		<countryFlag>plugins/UserCountry/images/flags/fr.png</countryFlag>
		<region />
		<regionCode />
		<city />
		<location>France</location>
		<latitude />
		<longitude />
		<visitLocalTime>12:34:06</visitLocalTime>
		<visitLocalHour>12</visitLocalHour>
		<daysSinceLastVisit>0</daysSinceLastVisit>
		<customVariables>
		</customVariables>
		<resolution>1024x768</resolution>
		<plugins>flash, java</plugins>
		<pluginsIcons>
			<row>
				<pluginIcon>plugins/DevicePlugins/images/plugins/flash.gif</pluginIcon>
				<pluginName>flash</pluginName>
			</row>
			<row>
				<pluginIcon>plugins/DevicePlugins/images/plugins/java.gif</pluginIcon>
				<pluginName>java</pluginName>
			</row>
		</pluginsIcons>
		<organisation>1</organisation>
		<organisationName>Popular Organisation</organisationName>
		
		
		
		
		
	</row>
	<row>
		<idSite>1</idSite>
		<idVisit>4</idVisit>
		<visitIp>fe80::200:f8ff:fe21:67cf</visitIp>
		
		<actionDetails>
			<row>
				<type>action</type>
				<url>http://example.com/page2</url>
				<pageTitle>Viewing another page</pageTitle>
				<pageIdAction>6</pageIdAction>
				
				<pageId>4</pageId>
				<icon />
				
			</row>
		</actionDetails>
		<goalConversions>0</goalConversions>
		<siteCurrency>USD</siteCurrency>
		<siteCurrencySymbol>$</siteCurrencySymbol>
		
		
		
		
		<userId />
		<visitorType>new</visitorType>
		<visitorTypeIcon />
		<visitConverted>0</visitConverted>
		<visitConvertedIcon />
		<visitCount>1</visitCount>
		
		<visitEcommerceStatus>none</visitEcommerceStatus>
		<visitEcommerceStatusIcon />
		<daysSinceFirstVisit>0</daysSinceFirstVisit>
		<daysSinceLastEcommerceOrder>0</daysSinceLastEcommerceOrder>
		<visitDuration>0</visitDuration>
		<visitDurationPretty>0s</visitDurationPretty>
		<searches>0</searches>
		<actions>1</actions>
		<referrerType>direct</referrerType>
		<referrerTypeName>Direct Entry</referrerTypeName>
		<referrerName />
		<referrerKeyword />
		<referrerKeywordPosition />
		<referrerUrl />
		<referrerSearchEngineUrl />
		<referrerSearchEngineIcon />
		<languageCode>fr</languageCode>
		<language>French</language>
		<deviceType>Desktop</deviceType>
		<deviceTypeIcon>plugins/DevicesDetection/images/screens/normal.gif</deviceTypeIcon>
		<deviceBrand>Unknown</deviceBrand>
		<deviceModel />
		<operatingSystem>Windows XP</operatingSystem>
		<operatingSystemName>Windows</operatingSystemName>
		<operatingSystemIcon>plugins/DevicesDetection/images/os/WIN.gif</operatingSystemIcon>
		<operatingSystemCode>WIN</operatingSystemCode>
		<operatingSystemVersion>XP</operatingSystemVersion>
		<browserFamily>Gecko</browserFamily>
		<browserFamilyDescription>Gecko (Firefox)</browserFamilyDescription>
		<browser>Firefox 3.6</browser>
		<browserName>Firefox</browserName>
		<browserIcon>plugins/DevicesDetection/images/browsers/FF.gif</browserIcon>
		<browserCode>FF</browserCode>
		<browserVersion>3.6</browserVersion>
		<events>0</events>
		<continent>Europe</continent>
		<continentCode>eur</continentCode>
		<country>France</country>
		<countryCode>fr</countryCode>
		<countryFlag>plugins/UserCountry/images/flags/fr.png</countryFlag>
		<region />
		<regionCode />
		<city />
		<location>France</location>
		<latitude />
		<longitude />
		<visitLocalTime>12:34:06</visitLocalTime>
		<visitLocalHour>12</visitLocalHour>
		<daysSinceLastVisit>0</daysSinceLastVisit>
		<customVariables>
		</customVariables>
		<resolution>1024x768</resolution>
		<plugins>flash, java</plugins>
		<pluginsIcons>
			<row>
				<pluginIcon>plugins/DevicePlugins/images/plugins/flash.gif</pluginIcon>
				<pluginName>flash</pluginName>
			</row>
			<row>
				<pluginIcon>plugins/DevicePlugins/images/plugins/java.gif</pluginIcon>
				<pluginName>java</pluginName>
			</row>
		</pluginsIcons>
		<organisation>2</organisation>
		<organisationName>World Foundation</organisationName>
		
		
		
		
		
	</row>
	<row>
		<idSite>1</idSite>
		<idVisit>3</idVisit>
		<visitIp>2001:db8:85a3:8d3:1319:8a2e:370:7301</visitIp>
		
		<actionDetails>
			<row>
				<type>goal</type>
				<goalName>Has sub_en</goalName>
				<goalId>1</goalId>
				<revenue>0</revenue>
				<goalPageId />
				
				<url>http://example.com/</url>
				<icon>plugins/Morpheus/images/goal.png</icon>
				
			</row>
			<row>
				<type>action</type>
				<url>http://example.com/</url>
				<pageTitle>Viewing homepage</pageTitle>
				<pageIdAction>2</pageIdAction>
				
				<pageId>3</pageId>
				<icon />
				
			</row>
		</actionDetails>
		<goalConversions>1</goalConversions>
		<siteCurrency>USD</siteCurrency>
		<siteCurrencySymbol>$</siteCurrencySymbol>
		
		
		
		
		<userId />
		<visitorType>new</visitorType>
		<visitorTypeIcon />
		<visitConverted>1</visitConverted>
		<visitConvertedIcon>plugins/Morpheus/images/goal.png</visitConvertedIcon>
		<visitCount>1</visitCount>
		
		<visitEcommerceStatus>none</visitEcommerceStatus>
		<visitEcommerceStatusIcon />
		<daysSinceFirstVisit>0</daysSinceFirstVisit>
		<daysSinceLastEcommerceOrder>0</daysSinceLastEcommerceOrder>
		<visitDuration>1</visitDuration>
		<visitDurationPretty>1s</visitDurationPretty>
		<searches>0</searches>
		<actions>1</actions>
		<referrerType>direct</referrerType>
		<referrerTypeName>Direct Entry</referrerTypeName>
		<referrerName />
		<referrerKeyword />
		<referrerKeywordPosition />
		<referrerUrl />
		<referrerSearchEngineUrl />
		<referrerSearchEngineIcon />
		<languageCode>fr</languageCode>
		<language>French</language>
		<deviceType>Desktop</deviceType>
		<deviceTypeIcon>plugins/DevicesDetection/images/screens/normal.gif</deviceTypeIcon>
		<deviceBrand>Unknown</deviceBrand>
		<deviceModel />
		<operatingSystem>Windows XP</operatingSystem>
		<operatingSystemName>Windows</operatingSystemName>
		<operatingSystemIcon>plugins/DevicesDetection/images/os/WIN.gif</operatingSystemIcon>
		<operatingSystemCode>WIN</operatingSystemCode>
		<operatingSystemVersion>XP</operatingSystemVersion>
		<browserFamily>Gecko</browserFamily>
		<browserFamilyDescription>Gecko (Firefox)</browserFamilyDescription>
		<browser>Firefox 3.6</browser>
		<browserName>Firefox</browserName>
		<browserIcon>plugins/DevicesDetection/images/browsers/FF.gif</browserIcon>
		<browserCode>FF</browserCode>
		<browserVersion>3.6</browserVersion>
		<events>0</events>
		<continent>Europe</continent>
		<continentCode>eur</continentCode>
		<country>France</country>
		<countryCode>fr</countryCode>
		<countryFlag>plugins/UserCountry/images/flags/fr.png</countryFlag>
		<region />
		<regionCode />
		<city />
		<location>France</location>
		<latitude />
		<longitude />
		<visitLocalTime>12:34:06</visitLocalTime>
		<visitLocalHour>12</visitLocalHour>
		<daysSinceLastVisit>0</daysSinceLastVisit>
		<customVariables>
		</customVariables>
		<resolution>1024x768</resolution>
		<plugins>flash, java</plugins>
		<pluginsIcons>
			<row>
				<pluginIcon>plugins/DevicePlugins/images/plugins/flash.gif</pluginIcon>
				<pluginName>flash</pluginName>
			</row>
			<row>
				<pluginIcon>plugins/DevicePlugins/images/plugins/java.gif</pluginIcon>
				<pluginName>java</pluginName>
			</row>
		</pluginsIcons>
		<organisation>1</organisation>
		<organisationName>Popular Organisation</organisationName>
		
		
		
		
		
	</row>
	<row>
		<idSite>1</idSite>
		<idVisit>2</idVisit>
		<visitIp>17.15.16.1</visitIp>
		
		<actionDetails>
			<row>
				<type>action</type>
				<url>http://example.com/page1</url>
				<pageTitle>Viewing a page</pageTitle>
				<pageIdAction>4</pageIdAction>
				
				<pageId>2</pageId>
				<icon />
				
			</row>
		</actionDetails>
		<goalConversions>0</goalConversions>
		<siteCurrency>USD</siteCurrency>
		<siteCurrencySymbol>$</siteCurrencySymbol>
		
		
		
		
		<userId />
		<visitorType>new</visitorType>
		<visitorTypeIcon />
		<visitConverted>0</visitConverted>
		<visitConvertedIcon />
		<visitCount>1</visitCount>
		
		<visitEcommerceStatus>none</visitEcommerceStatus>
		<visitEcommerceStatusIcon />
		<daysSinceFirstVisit>0</daysSinceFirstVisit>
		<daysSinceLastEcommerceOrder>0</daysSinceLastEcommerceOrder>
		<visitDuration>0</visitDuration>
		<visitDurationPretty>0s</visitDurationPretty>
		<searches>0</searches>
		<actions>1</actions>
		<referrerType>direct</referrerType>
		<referrerTypeName>Direct Entry</referrerTypeName>
		<referrerName />
		<referrerKeyword />
		<referrerKeywordPosition />
		<referrerUrl />
		<referrerSearchEngineUrl />
		<referrerSearchEngineIcon />
		<languageCode>fr</languageCode>
		<language>French</language>
		<deviceType>Desktop</deviceType>
		<deviceTypeIcon>plugins/DevicesDetection/images/screens/normal.gif</deviceTypeIcon>
		<deviceBrand>Unknown</deviceBrand>
		<deviceModel />
		<operatingSystem>Windows XP</operatingSystem>
		<operatingSystemName>Windows</operatingSystemName>
		<operatingSystemIcon>plugins/DevicesDetection/images/os/WIN.gif</operatingSystemIcon>
		<operatingSystemCode>WIN</operatingSystemCode>
		<operatingSystemVersion>XP</operatingSystemVersion>
		<browserFamily>Gecko</browserFamily>
		<browserFamilyDescription>Gecko (Firefox)</browserFamilyDescription>
		<browser>Firefox 3.6</browser>
		<browserName>Firefox</browserName>
		<browserIcon>plugins/DevicesDetection/images/browsers/FF.gif</browserIcon>
		<browserCode>FF</browserCode>
		<browserVersion>3.6</browserVersion>
		<events>0</events>
		<continent>Europe</continent>
		<continentCode>eur</continentCode>
		<country>France</country>
		<countryCode>fr</countryCode>
		<countryFlag>plugins/UserCountry/images/flags/fr.png</countryFlag>
		<region />
		<regionCode />
		<city />
		<location>France</location>
		<latitude />
		<longitude />
		<visitLocalTime>12:34:06</visitLocalTime>
		<visitLocalHour>12</visitLocalHour>
		<daysSinceLastVisit>0</daysSinceLastVisit>
		<customVariables>
		</customVariables>
		<resolution>1024x768</resolution>
		<plugins>flash, java</plugins>
		<pluginsIcons>
			<row>
				<pluginIcon>plugins/DevicePlugins/images/plugins/flash.gif</pluginIcon>
				<pluginName>flash</pluginName>
			</row>
			<row>
				<pluginIcon>plugins/DevicePlugins/images/plugins/java.gif</pluginIcon>
				<pluginName>java</pluginName>
			</row>
		</pluginsIcons>
		<organisation>0</organisation>
		<organisationName>Unknown</organisationName>
		
		
		
		
		
	</row>
	<row>
		<idSite>1</idSite>
		<idVisit>1</idVisit>
		<visitIp>192.168.24.19</visitIp>
		
		<actionDetails>
			<row>
				<type>action</type>
				<url>http://example.com/</url>
				<pageTitle>Viewing homepage</pageTitle>
				<pageIdAction>2</pageIdAction>
				
				<pageId>1</pageId>
				<icon />
				
			</row>
		</actionDetails>
		<goalConversions>0</goalConversions>
		<siteCurrency>USD</siteCurrency>
		<siteCurrencySymbol>$</siteCurrencySymbol>
		
		
		
		
		<userId />
		<visitorType>new</visitorType>
		<visitorTypeIcon />
		<visitConverted>0</visitConverted>
		<visitConvertedIcon />
		<visitCount>1</visitCount>
		
		<visitEcommerceStatus>none</visitEcommerceStatus>
		<visitEcommerceStatusIcon />
		<daysSinceFirstVisit>0</daysSinceFirstVisit>
		<daysSinceLastEcommerceOrder>0</daysSinceLastEcommerceOrder>
		<visitDuration>0</visitDuration>
		<visitDurationPretty>0s</visitDurationPretty>
		<searches>0</searches>
		<actions>1</actions>
		<referrerType>direct</referrerType>
		<referrerTypeName>Direct Entry</referrerTypeName>
		<referrerName />
		<referrerKeyword />
		<referrerKeywordPosition />
		<referrerUrl />
		<referrerSearchEngineUrl />
		<referrerSearchEngineIcon />
		<languageCode>fr</languageCode>
		<language>French</language>
		<deviceType>Desktop</deviceType>
		<deviceTypeIcon>plugins/DevicesDetection/images/screens/normal.gif</deviceTypeIcon>
		<deviceBrand>Unknown</deviceBrand>
		<deviceModel />
		<operatingSystem>Windows XP</operatingSystem>
		<operatingSystemName>Windows</operatingSystemName>
		<operatingSystemIcon>plugins/DevicesDetection/images/os/WIN.gif</operatingSystemIcon>
		<operatingSystemCode>WIN</operatingSystemCode>
		<operatingSystemVersion>XP</operatingSystemVersion>
		<browserFamily>Gecko</browserFamily>
		<browserFamilyDescription>Gecko (Firefox)</browserFamilyDescription>
		<browser>Firefox 3.6</browser>
		<browserName>Firefox</browserName>
		<browserIcon>plugins/DevicesDetection/images/browsers/FF.gif</browserIcon>
		<browserCode>FF</browserCode>
		<browserVersion>3.6</browserVersion>
		<events>0</events>
		<continent>Europe</continent>
		<continentCode>eur</continentCode>
		<country>France</country>
		<countryCode>fr</countryCode>
		<countryFlag>plugins/UserCountry/images/flags/fr.png</countryFlag>
		<region />
		<regionCode />
		<city />
		<location>France</location>
		<latitude />
		<longitude />
		<visitLocalTime>12:34:06</visitLocalTime>
		<visitLocalHour>12</visitLocalHour>
		<daysSinceLastVisit>0</daysSinceLastVisit>
		<customVariables>
		</customVariables>
		<resolution>1024x768</resolution>
		<plugins>flash, java</plugins>
		<pluginsIcons>
			<row>
				<pluginIcon>plugins/DevicePlugins/images/plugins/flash.gif</pluginIcon>
				<pluginName>flash</pluginName>
			</row>
			<row>
				<pluginIcon>plugins/DevicePlugins/images/plugins/java.gif</pluginIcon>
				<pluginName>java</pluginName>
			</row>
		</pluginsIcons>
		<organisation>1</organisation>
		<organisationName>Popular Organisation</organisationName>
		
		
		
		
		
	</row>
</result>