<?xml version="1.0" encoding="utf-8" ?>
<result>
	<website>Piwik test</website>
	<prettyDate>2013</prettyDate>
	<metadata>
		<category>Visitors</category>
		<subcategory>Organisation</subcategory>
		<name>Organisation</name>
		<module>Organisations</module>
		<action>getOrganisation</action>
		<dimension>Organisation</dimension>
		<metrics>
			<nb_visits>Visits</nb_visits>
			<nb_actions>Actions</nb_actions>
		</metrics>
		<metricsDocumentation>
			<nb_visits>If a visitor comes to your website for the first time or if they visit a page more than 30 minutes after their last page view, this will be recorded as a new visit.</nb_visits>
			<nb_uniq_visitors>The number of unduplicated visitors coming to your website. Every user is only counted once, even if they visit the website multiple times a day.</nb_uniq_visitors>
			<nb_actions>The number of actions performed by your visitors. Actions can be page views, internal site searches, downloads or outlinks.</nb_actions>
			<nb_users>The number of users logged in your website. It is the number of unique active users that have a User ID set (via the Tracking code function 'setUserId').</nb_users>
			<nb_actions_per_visit>The average number of actions (page views, site searches, downloads or outlinks) that were performed during the visits.</nb_actions_per_visit>
			<avg_time_on_site>The average duration of a visit.</avg_time_on_site>
			<bounce_rate>The percentage of visits that only had a single pageview. This means, that the visitor left the website directly from the entrance page.</bounce_rate>
			<conversion_rate>The percentage of visits that triggered a goal conversion.</conversion_rate>
		</metricsDocumentation>
		<processedMetrics>
			<nb_actions_per_visit>Actions per Visit</nb_actions_per_visit>
			<avg_time_on_site>Avg. Time on Website</avg_time_on_site>
			<bounce_rate>Bounce Rate</bounce_rate>
		</processedMetrics>
		<metricsGoal>
			<nb_conversions>Conversions</nb_conversions>
			<revenue>Revenue</revenue>
		</metricsGoal>
		<processedMetricsGoal>
			<revenue_per_visit>Revenue per Visit</revenue_per_visit>
		</processedMetricsGoal>
		<imageGraphUrl>index.php?module=API&amp;method=ImageGraph.get&amp;idSite=1&amp;apiModule=Organisations&amp;apiAction=getOrganisation&amp;period=year&amp;date=2013-01-23</imageGraphUrl>
		<imageGraphEvolutionUrl>index.php?module=API&amp;method=ImageGraph.get&amp;idSite=1&amp;apiModule=Organisations&amp;apiAction=getOrganisation&amp;period=year&amp;date=2004-01-01,2013-12-31</imageGraphEvolutionUrl>
		<uniqueId>Organisations_getOrganisation</uniqueId>
	</metadata>
	<columns>
		<label>Organisation</label>
		<nb_visits>Visits</nb_visits>
		<nb_actions>Actions</nb_actions>
		<nb_actions_per_visit>Actions per Visit</nb_actions_per_visit>
		<avg_time_on_site>Avg. Time on Website</avg_time_on_site>
		<bounce_rate>Bounce Rate</bounce_rate>
		<revenue>Revenue</revenue>
	</columns>
	<reportData>
		<row>
			<label>Popular Organisation</label>
			<nb_visits>3</nb_visits>
			<nb_actions>3</nb_actions>
			<revenue>$ 0</revenue>
			<nb_actions_per_visit>1</nb_actions_per_visit>
			<avg_time_on_site>00:00:00</avg_time_on_site>
			<bounce_rate>100%</bounce_rate>
		</row>
		<row>
			<label>Unknown</label>
			<nb_visits>2</nb_visits>
			<nb_actions>2</nb_actions>
			<nb_actions_per_visit>1</nb_actions_per_visit>
			<avg_time_on_site>00:00:00</avg_time_on_site>
			<bounce_rate>100%</bounce_rate>
			<revenue>$ 0</revenue>
		</row>
		<row>
			<label>World Foundation</label>
			<nb_visits>1</nb_visits>
			<nb_actions>1</nb_actions>
			<nb_actions_per_visit>1</nb_actions_per_visit>
			<avg_time_on_site>00:00:00</avg_time_on_site>
			<bounce_rate>100%</bounce_rate>
			<revenue>$ 0</revenue>
		</row>
	</reportData>
	<reportMetadata />
	<reportTotal>
		<nb_visits>6</nb_visits>
		<nb_actions>6</nb_actions>
		<nb_visits_converted>0</nb_visits_converted>
		<bounce_count>6</bounce_count>
		<nb_conversions>1</nb_conversions>
		<revenue>0</revenue>
	</reportTotal>
</result>